2026-06-17 13:45:58,538 INFO Log file: C:\Users\steph\TDL\results\trajectory_tda_integration\h2_check\intermediates\04_nulls_wasserstein_h2_L1000_2026-06-17\run.log
2026-06-17 13:45:58,567 INFO Loaded checkpoint: 27280 trajectories, 20D embeddings
2026-06-17 13:45:58,570 INFO Embedding 27280 trajectories...
2026-06-17 13:45:58,638 INFO   Unigrams: (27280, 9)
2026-06-17 13:45:58,774 INFO   Bigrams: (27280, 81)
2026-06-17 13:45:58,778 INFO   Raw embedding: (27280, 90)
2026-06-17 13:45:58,833 INFO   PCA reduction: (27280, 20) (explained variance: 0.488)
2026-06-17 13:45:58,835 INFO   Final: 27280 points x 20 dims (method=pca)
2026-06-17 13:45:58,840 INFO H2 observed PH: L=1000 requested_L=2000 maxdim=2
2026-06-17 13:48:00,503 INFO H2 observed JSON: C:\Users\steph\TDL\.apm\worktrees\run-h2-positive-control\results\trajectory_tda_integration\h2_check\ph_H2_L1000_2026-06-17.json
2026-06-17 13:48:00,512 INFO H2 Markov-1 null: B=50 L=1000 n_jobs=4
2026-06-17 13:48:00,517 INFO Permutation test: markov, 50 perms, H0-H2, statistic=wasserstein
2026-06-17 13:48:05,482 INFO   Wasserstein mode: computing W(null, observed) for each permutation
Fatal Python error: Aborted

Current thread 0x00006840 (most recent call first):
  File "C:\Users\steph\TDL\.apm\worktrees\run-h2-positive-control\.venv\Lib\site-packages\ripser\ripser.py", line 325 in ripser
  File "C:\Users\steph\TDL\.apm\worktrees\run-h2-positive-control\poverty_tda\topology\multidim_ph.py", line 559 in _compute_rips_ph_direct
  File "C:\Users\steph\TDL\.apm\worktrees\run-h2-positive-control\poverty_tda\topology\multidim_ph.py", line 676 in compute_rips_ph
  File "C:\Users\steph\TDL\.apm\worktrees\run-h2-positive-control\trajectory_tda\topology\permutation_nulls.py", line 674 in _single_permutation
  File "C:\Users\steph\TDL\.apm\worktrees\run-h2-positive-control\trajectory_tda\topology\permutation_nulls.py", line 742 in _single_permutation_indexed
  File "C:\Users\steph\TDL\.apm\worktrees\run-h2-positive-control\.venv\Lib\site-packages\joblib\parallel.py", line 607 in __call__
  File "C:\Users\steph\TDL\.apm\worktrees\run-h2-positive-control\.venv\Lib\site-packages\joblib\externals\loky\process_executor.py", line 291 in __call__
  File "C:\Users\steph\TDL\.apm\worktrees\run-h2-positive-control\.venv\Lib\site-packages\joblib\externals\loky\process_executor.py", line 490 in _process_worker
  File "C:\Users\steph\AppData\Local\Programs\Python\Python313\Lib\multiprocessing\process.py", line 108 in run
  File "C:\Users\steph\AppData\Local\Programs\Python\Python313\Lib\multiprocessing\process.py", line 313 in _bootstrap
  File "C:\Users\steph\TDL\.apm\worktrees\run-h2-positive-control\.venv\Lib\site-packages\joblib\externals\loky\backend\popen_loky_win32.py", line 172 in main
  File "<string>", line 1 in <module>

Extension modules: numpy._core._multiarray_umath, numpy.linalg._umath_linalg, numpy.random._common, numpy.random.bit_generator, numpy.random._bounded_integers, numpy.random._pcg64, numpy.random._mt19937, numpy.random._generator, numpy.random._philox, numpy.random._sfc64, numpy.random.mtrand, pandas._libs.tslibs.ccalendar, pandas._libs.tslibs.np_datetime, pandas._libs.tslibs.dtypes, pandas._libs.tslibs.base, pandas._libs.tslibs.nattype, pandas._libs.tslibs.timezones, pandas._libs.tslibs.fields, pandas._libs.tslibs.timedeltas, pandas._libs.tslibs.tzconversion, pandas._libs.tslibs.timestamps, pandas._libs.properties, pandas._libs.tslibs.offsets, pandas._libs.tslibs.strptime, pandas._libs.tslibs.parsing, pandas._libs.tslibs.conversion, pandas._libs.tslibs.period, pandas._libs.tslibs.vectorized, pandas._libs.ops_dispatch, pandas._libs.missing, pandas._libs.hashtable, pandas._libs.algos, pandas._libs.interval, pandas._libs.lib, pandas._libs.ops, pandas._libs.hashing, pandas._libs.arrays, pandas._libs.tslib, pandas._libs.sparse, pandas._libs.internals, pandas._libs.indexing, pandas._libs.index, pandas._libs.writers, pandas._libs.join, pandas._libs.window.aggregations, pandas._libs.window.indexers, pandas._libs.reshape, pandas._libs.groupby, pandas._libs.json, pandas._libs.parsers, pandas._libs.testing, shapely.lib, shapely._geos, shapely._geometry_helpers, pyproj._compat, pyproj._context, pyproj._network, pyproj._version, pyproj._geod, pyproj.list, pyproj._crs, pyproj.database, pyproj._transformer, pyproj._sync, cython.cimports.libc.math, scipy._lib._ccallback_c, scipy.special._ufuncs_cxx, scipy.special._ellip_harm_2, scipy.special._special_ufuncs, scipy.special._gufuncs, scipy.special._ufuncs, charset_normalizer.md, scipy.special._specfun, scipy.special._comb, scipy.linalg._fblas, scipy.linalg._flapack, _cyutility, scipy._cyutility, scipy.linalg.cython_lapack, scipy.linalg._cythonized_array_utils, scipy.linalg._solve_toeplitz, scipy.linalg._decomp_lu_cython, scipy.linalg._matfuncs_schur_sqrtm, scipy.linalg._matfuncs_expm, scipy.linalg._linalg_pythran, scipy.linalg.cython_blas, scipy.linalg._decomp_update, scipy.sparse._sparsetools, _csparsetools, scipy.sparse._csparsetools, scipy.interpolate._fitpack, scipy.interpolate._dfitpack, scipy.sparse.linalg._dsolve._superlu, scipy.sparse.linalg._eigen.arpack._arpack, scipy.sparse.linalg._propack._spropack, scipy.sparse.linalg._propack._dpropack, scipy.sparse.linalg._propack._cpropack, scipy.sparse.linalg._propack._zpropack, scipy.optimize._group_columns, scipy._lib.messagestream, scipy.optimize._trlib._trlib, scipy.optimize._lbfgsb, _moduleTNC, scipy.optimize._moduleTNC, scipy.optimize._slsqplib, scipy.optimize._minpack, scipy.optimize._lsq.givens_elimination, scipy.optimize._zeros, scipy._lib._uarray._uarray, scipy.linalg._decomp_interpolative, scipy.optimize._bglu_dense, scipy.optimize._lsap, scipy.spatial._ckdtree, scipy.spatial._qhull, scipy.spatial._voronoi, scipy.spatial._hausdorff, scipy.spatial._distance_wrap, scipy.spatial.transform._rotation, scipy.spatial.transform._rigid_transform, scipy.optimize._direct, scipy.interpolate._dierckx, scipy.interpolate._ppoly, scipy.interpolate._interpnd, scipy.interpolate._rbfinterp_pythran, scipy.interpolate._rgi_cython, vtkmodules.vtkCommonCore, vtkmodules.vtkCommonMath, vtkmodules.vtkCommonTransforms, vtkmodules.vtkCommonDataModel, vtkmodules.vtkCommonExecutionModel, vtkmodules.vtkParallelCore, vtkmodules.vtkImagingSources, vtkmodules.vtkCommonMisc, vtkmodules.vtkFiltersCore, vtkmodules.vtkFiltersPython, vtkmodules.vtkCommonComputationalGeometry, vtkmodules.vtkIOCore, vtkmodules.vtkFiltersCellGrid, vtkmodules.vtkIOCellGrid, vtkmodules.vtkIOLegacy, vtkmodules.vtkIOXMLParser, vtkmodules.vtkRenderingCore, vtkmodules.vtkDomainsChemistry, vtkmodules.vtkFiltersGeneral, vtkmodules.vtkFiltersExtraction, vtkmodules.vtkFiltersFlowPaths, vtkmodules.vtkFiltersGeometry, vtkmodules.vtkFiltersHybrid, vtkmodules.vtkFiltersModeling, vtkmodules.vtkFiltersHyperTree, vtkmodules.vtkFiltersSources, vtkmodules.vtkFiltersTexture, vtkmodules.vtkFiltersParallel, vtkmodules.vtkFiltersParallelDIY2, vtkmodules.vtkFiltersPoints, vtkmodules.vtkFiltersStatistics, vtkmodules.vtkFiltersVerdict, vtkmodules.vtkImagingCore, vtkmodules.vtkImagingGeneral, vtkmodules.vtkImagingHybrid, vtkmodules.vtkImagingMorphological, vtkmodules.vtkImagingStencil, vtkmodules.vtkIOGeometry, vtkmodules.vtkIOHDF, vtkmodules.vtkIOXML, vtkmodules.vtkIOInfovis, vtkmodules.vtkIOPLY, vtkmodules.vtkRenderingContext2D, vtkmodules.vtkPythonContext2D, vtkmodules.vtkImagingFourier, vtkmodules.vtkIOParallelXML, vtkmodules.vtkRenderingFreeType, vtkmodules.vtkWebCore, vtkmodules.vtkIOImage, vtkmodules.vtkRenderingSceneGraph, vtkmodules.vtkRenderingVtkJS, vtkmodules.vtkIOExport, vtkmodules.vtkWebGLExporter, vtkmodules.vtkCommonSystem, vtkmodules.vtkRenderingHyperTreeGrid, vtkmodules.vtkRenderingUI, vtkmodules.vtkRenderingOpenGL2, vtkmodules.vtkRenderingContextOpenGL2, vtkmodules.vtkRenderingVolume, vtkmodules.vtkImagingMath, vtkmodules.vtkRenderingVolumeOpenGL2, vtkmodules.vtkInteractionWidgets, vtkmodules.vtkViewsCore, vtkmodules.vtkViewsContext2D, vtkmodules.vtkSerializationManager, vtkmodules.vtkTestingSerialization, vtkmodules.vtkImagingColor, vtkmodules.vtkTestingRendering, vtkmodules.vtkInteractionStyle, vtkmodules.vtkViewsInfovis, vtkmodules.vtkRenderingVolumeAMR, vtkmodules.vtkRenderingParallel, vtkmodules.vtkRenderingVRModels, vtkmodules.vtkRenderingVR, vtkmodules.vtkRenderingOpenXR, vtkmodules.vtkRenderingOpenXRRemoting, vtkmodules.vtkRenderingMatplotlib, vtkmodules.vtkRenderingLabel, vtkmodules.vtkRenderingLOD, vtkmodules.vtkRenderingLICOpenGL2, vtkmodules.vtkRenderingImage, vtkmodules.vtkChartsCore, vtkmodules.vtkRenderingGridAxes, vtkmodules.vtkRenderingExternal, vtkmodules.vtkRenderingCellGrid, vtkmodules.vtkIOXdmf2, vtkmodules.vtkIOVeraOut, vtkmodules.vtkIOVPIC, vtkmodules.vtkIOTecplotTable, vtkmodules.vtkIOTRUCHAS, vtkmodules.vtkIOSegY, vtkmodules.vtkIOLSDyna, vtkmodules.vtkIOParallelLSDyna, vtkmodules.vtkIOExodus, vtkmodules.vtkIOParallelExodus, vtkmodules.vtkIOParallel, vtkmodules.vtkIOPIO, vtkmodules.vtkIOMovie, vtkmodules.vtkIOOggTheora, vtkmodules.vtkIOOMF, vtkmodules.vtkIONetCDF, vtkmodules.vtkIOMotionFX, vtkmodules.vtkIOMINC, vtkmodules.vtkIOLANLX3D, vtkmodules.vtkIOImport, vtkmodules.vtkIOIOSS, vtkmodules.vtkIOH5part, vtkmodules.vtkIOH5Rage, vtkmodules.vtkIOGeoJSON, vtkmodules.vtkIOFLUENTCFF, vtkmodules.vtkIOVideo, vtkmodules.vtkIOFDS, vtkmodules.vtkIOExportPDF, vtkmodules.vtkRenderingGL2PSOpenGL2, vtkmodules.vtkIOExportGL2PS, vtkmodules.vtkIOEngys, vtkmodules.vtkIOEnSight, vtkmodules.vtkIOERF, vtkmodules.vtkIOCityGML, vtkmodules.vtkIOChemistry, vtkmodules.vtkIOCesium3DTiles, vtkmodules.vtkIOCONVERGECFD, vtkmodules.vtkIOCGNSReader, vtkmodules.vtkIOAvmesh, vtkmodules.vtkIOAsynchronous, vtkmodules.vtkIOAMR, vtkmodules.vtkInteractionImage, vtkmodules.vtkInfovisLayout, vtkmodules.vtkImagingStatistics, vtkmodules.vtkImagingOpenGL2, vtkmodules.vtkIOSQL, vtkmodules.vtkRenderingAnnotation, vtkmodules.vtkGeovisCore, vtkmodules.vtkFiltersTopology, vtkmodules.vtkFiltersTensor, vtkmodules.vtkFiltersSelection, vtkmodules.vtkFiltersSMP, vtkmodules.vtkFiltersProgrammable, vtkmodules.vtkFiltersParallelStatistics, vtkmodules.vtkFiltersImaging, vtkmodules.vtkFiltersParallelImaging, vtkmodules.vtkFiltersTemporal, vtkmodules.vtkFiltersGeometryPreview, vtkmodules.vtkFiltersGeneric, vtkmodules.vtkFiltersAMR, vtkmodules.vtkDomainsChemistryOpenGL2, vtkmodules.vtkCommonPython, vtkmodules.vtkCommonColor, vtkmodules.vtkInfovisCore, vtkmodules.vtkAcceleratorsVTKmCore, vtkmodules.vtkAcceleratorsVTKmDataModel, vtkmodules.vtkAcceleratorsVTKmFilters, vtkmodules.vtkFiltersReduction, sklearn.__check_build._check_build, scipy.integrate._odepack, scipy.integrate._quadpack, scipy.integrate._vode, scipy.integrate._dop, scipy.integrate._lsoda, scipy.special.cython_special, scipy.stats._stats, scipy.stats._biasedurn, scipy.stats._stats_pythran, scipy.stats._levy_stable.levyst, scipy.stats._ansari_swilk_statistics, scipy.sparse.csgraph._tools, scipy.sparse.csgraph._shortest_path, scipy.sparse.csgraph._traversal, scipy.sparse.csgraph._min_spanning_tree, scipy.sparse.csgraph._flow, scipy.sparse.csgraph._matching, scipy.sparse.csgraph._reordering, scipy.stats._sobol, scipy.stats._qmc_cy, scipy.stats._rcont.rcont, scipy.stats._qmvnt_cy, scipy.ndimage._nd_image, scipy.ndimage._rank_filter_1d, _ni_label, scipy.ndimage._ni_label, sklearn._cyutility, sklearn.utils._isfinite, sklearn.utils.sparsefuncs_fast, sklearn.utils.murmurhash, sklearn.utils._openmp_helpers, sklearn.metrics.cluster._expected_mutual_info_fast, sklearn.metrics._dist_metrics, sklearn.metrics._pairwise_distances_reduction._datasets_pair, sklearn.utils._cython_blas, sklearn.metrics._pairwise_distances_reduction._base, sklearn.metrics._pairwise_distances_reduction._middle_term_computer, sklearn.utils._heap, sklearn.utils._sorting, sklearn.metrics._pairwise_distances_reduction._argkmin, sklearn.metrics._pairwise_distances_reduction._argkmin_classmode, sklearn.utils._vector_sentinel, sklearn.metrics._pairwise_distances_reduction._radius_neighbors, sklearn.metrics._pairwise_distances_reduction._radius_neighbors_classmode, sklearn.metrics._pairwise_fast, sklearn.preprocessing._csr_polynomial_expansion, sklearn.preprocessing._target_encoder_fast, pyRipser, sklearn.utils._random, sklearn.utils._seq_dataset, sklearn.linear_model._cd_fast, _loss, sklearn._loss._loss, sklearn.utils.arrayfuncs, sklearn.linear_model._sag_fast, sklearn.svm._liblinear, sklearn.svm._libsvm, sklearn.svm._libsvm_sparse, sklearn.utils._weight_vector, sklearn.linear_model._sgd_fast, sklearn.decomposition._online_lda_fast, sklearn.decomposition._cdnmf_fast (total: 341)
ERROR: The process "31224" not found.
Traceback (most recent call last):
  File "<frozen runpy>", line 198, in _run_module_as_main
  File "<frozen runpy>", line 88, in _run_code
  File "C:\Users\steph\TDL\.apm\worktrees\run-h2-positive-control\trajectory_tda\scripts\run_t1_5_diagnostics.py", line 1187, in <module>
    main()
    ~~~~^^
  File "C:\Users\steph\TDL\.apm\worktrees\run-h2-positive-control\trajectory_tda\scripts\run_t1_5_diagnostics.py", line 1172, in main
    run_h2(args)
    ~~~~~~^^^^^^
  File "C:\Users\steph\TDL\.apm\worktrees\run-h2-positive-control\trajectory_tda\scripts\run_t1_5_diagnostics.py", line 400, in run_h2
    null_result = permutation_test_trajectories(
        embeddings=embeddings,
    ...<17 lines>...
        parallel_timeout_seconds=args.ph_timeout_seconds,
    )
  File "C:\Users\steph\TDL\.apm\worktrees\run-h2-positive-control\trajectory_tda\topology\permutation_nulls.py", line 918, in permutation_test_trajectories
    for idx, result, _elapsed in generated:
                                 ^^^^^^^^^
  File "C:\Users\steph\TDL\.apm\worktrees\run-h2-positive-control\.venv\Lib\site-packages\joblib\parallel.py", line 1682, in _get_outputs
    yield from self._retrieve()
  File "C:\Users\steph\TDL\.apm\worktrees\run-h2-positive-control\.venv\Lib\site-packages\joblib\parallel.py", line 1784, in _retrieve
    self._raise_error_fast()
    ~~~~~~~~~~~~~~~~~~~~~~^^
  File "C:\Users\steph\TDL\.apm\worktrees\run-h2-positive-control\.venv\Lib\site-packages\joblib\parallel.py", line 1859, in _raise_error_fast
    error_job.get_result(self.timeout)
    ~~~~~~~~~~~~~~~~~~~~^^^^^^^^^^^^^^
  File "C:\Users\steph\TDL\.apm\worktrees\run-h2-positive-control\.venv\Lib\site-packages\joblib\parallel.py", line 758, in get_result
    return self._return_or_raise()
           ~~~~~~~~~~~~~~~~~~~~~^^
  File "C:\Users\steph\TDL\.apm\worktrees\run-h2-positive-control\.venv\Lib\site-packages\joblib\parallel.py", line 773, in _return_or_raise
    raise self._result
joblib.externals.loky.process_executor.TerminatedWorkerError: A worker process managed by the executor was unexpectedly terminated. This could be caused by a segmentation fault while calling the function or by an excessive memory usage causing the Operating System to kill the worker.

Detailed tracebacks of the workers should have been printed to stderr in the executor process if faulthandler was not disabled.
